// Jest Snapshot v1, https://goo.gl/fbAQLP

exports[`MessageList component should render a list of messages 1`] = `
<ul>
  <Message
    id={0}
    key="0"
    owner="yours"
    text="Test message 0"
  />
  <Message
    id={1}
    key="1"
    owner="theirs"
    text="Another test message with id 1"
  />
  <Message
    id={2}
    key="2"
    owner="yours"
    text="Message with id 2"
  />
</ul>
`;
